// Vitest Snapshot v1, https://vitest.dev/guide/snapshot.html

exports[`MasterProjectContainer > matches snapshot 1`] = `
<DocumentFragment>
  <div
    class="flex h-full min-h-0 w-full bg-brand-white overflow-hidden font-sans text-brand-text-dark relative items-stretch"
  >
    <div
      class="hidden lg:flex h-full min-h-0 shrink-0 self-stretch"
    >
      <aside
        aria-label="Sidebar"
        class="w-[260px] h-full min-h-0 self-stretch bg-white border border-[#E5E5E5] flex flex-col shrink-0 overflow-hidden transition-[width] duration-[250ms] ease-in-out"
        style="border-radius: 12px; background-color: white;"
      >
        <div
          class="h-[56px] flex items-center shrink-0 px-4"
        >
          <button
            aria-expanded="true"
            aria-label="Collapse sidebar"
            class="flex items-center justify-center shrink-0 focus:outline-none focus-visible:ring-2 focus-visible:ring-[#7C3AED]/30 rounded-[8px]"
            type="button"
          >
            <img
              alt="Sonicline"
              class="h-8 w-auto object-contain"
              src="/src/assets/Sonicline.png"
            />
          </button>
        </div>
        <div
          class="shrink-0 px-4 pb-4"
        >
          <div
            class="h-10 bg-[#F3F3F5] flex items-center text-[#6B7280] gap-2 px-3 rounded-[8px]"
            role="search"
          >
            <span
              aria-hidden="true"
              class="shrink-0 flex items-center justify-center"
            >
              <svg
                fill="none"
                height="18"
                stroke="currentColor"
                stroke-linecap="round"
                stroke-linejoin="round"
                stroke-width="1.8"
                viewBox="0 0 24 24"
                width="18"
                xmlns="http://www.w3.org/2000/svg"
              >
                <circle
                  cx="11"
                  cy="11"
                  r="8"
                />
                <path
                  d="m21 21-4.3-4.3"
                />
              </svg>
            </span>
            <span
              class="flex-1 text-left text-[13px] text-[#9CA3AF] truncate"
            >
              Search
            </span>
            <span
              class="shrink-0 text-[11px] leading-none bg-white px-1.5 py-1 rounded-[6px] border border-[#E5E5E5] text-[#6B7280] font-medium"
            >
              ⌘ K
            </span>
          </div>
        </div>
        <div
          class="flex-1 overflow-y-auto overflow-x-hidden px-4 space-y-5 scrollbar-thin"
        >
          <div>
            <p
              class="px-2 mb-2 text-[12px] font-semibold tracking-widest uppercase text-[#9CA3AF]"
            >
              Menu
            </p>
            <nav
              aria-label="Menu"
              class="space-y-1"
            >
              <div>
                <button
                  aria-expanded="false"
                  class="w-full h-9 flex items-center gap-3 rounded-[6px] px-3 text-left transition-colors focus:outline-none focus-visible:ring-2 focus-visible:ring-[#7C3AED]/30 text-[#6B7280] hover:bg-[#F9FAFB] hover:text-[#111827]"
                  type="button"
                >
                  <span
                    class="shrink-0 [&_svg]:h-5 [&_svg]:w-5 text-[#9CA3AF]"
                  >
                    <svg
                      fill="none"
                      height="20"
                      stroke="currentColor"
                      stroke-linecap="round"
                      stroke-linejoin="round"
                      stroke-width="1.8"
                      viewBox="0 0 24 24"
                      width="20"
                      xmlns="http://www.w3.org/2000/svg"
                    >
                      <ellipse
                        cx="12"
                        cy="5"
                        rx="9"
                        ry="3"
                      />
                      <path
                        d="M3 5V19A9 3 0 0 0 21 19V5"
                      />
                      <path
                        d="M3 12A9 3 0 0 0 21 12"
                      />
                    </svg>
                  </span>
                  <span
                    class="flex-1 truncate text-[14px] leading-none font-normal"
                  >
                    Master Data
                  </span>
                  <span
                    class="shrink-0 text-[#9CA3AF] transition-transform duration-200 "
                  >
                    <svg
                      fill="none"
                      height="14"
                      stroke="currentColor"
                      stroke-linecap="round"
                      stroke-linejoin="round"
                      stroke-width="2"
                      viewBox="0 0 24 24"
                      width="14"
                      xmlns="http://www.w3.org/2000/svg"
                    >
                      <path
                        d="m6 9 6 6 6-6"
                      />
                    </svg>
                  </span>
                </button>
              </div>
            </nav>
          </div>
        </div>
        <div
          class="shrink-0 border-t border-[#E5E5E5] relative p-3"
        >
          <button
            aria-expanded="false"
            aria-haspopup="menu"
            class="w-full flex items-center rounded-[10px] transition-colors focus:outline-none focus-visible:ring-2 focus-visible:ring-[#7C3AED]/30 hover:bg-[#F9FAFB] gap-3 p-2"
            type="button"
          >
            <span
              aria-hidden="true"
              class="w-8 h-8 rounded-full bg-[#EDE9FE] text-[#7C3AED] flex items-center justify-center text-[12px] font-semibold shrink-0"
            >
              DR
            </span>
            <span
              class="flex-1 min-w-0 text-left"
            >
              <span
                class="block truncate text-[13px] font-semibold leading-4 text-[#111827]"
              >
                Dianne Russell
              </span>
              <span
                class="block truncate text-[11px] leading-4 text-[#9CA3AF]"
              >
                dianne.russell@gmail.com
              </span>
            </span>
            <span
              class="shrink-0 text-[#9CA3AF] transition-transform duration-200 "
            >
              <svg
                fill="none"
                height="14"
                stroke="currentColor"
                stroke-linecap="round"
                stroke-linejoin="round"
                stroke-width="2"
                viewBox="0 0 24 24"
                width="14"
                xmlns="http://www.w3.org/2000/svg"
              >
                <path
                  d="m6 9 6 6 6-6"
                />
              </svg>
            </span>
          </button>
        </div>
      </aside>
    </div>
    <div
      class="flex-1 flex flex-col min-w-0 min-h-0 overflow-hidden relative bg-brand-white"
    >
      <div
        class="lg:hidden flex items-center gap-3 p-4 border-b border-brand-gray-light bg-brand-white shrink-0"
      >
        <div
          class="w-8 h-8 rounded-full bg-brand-blue flex items-center justify-center"
        >
          <span
            class="text-brand-white font-bold"
          >
            Q
          </span>
        </div>
        <span
          class="font-bold text-brand-text-dark"
        >
          QuoteFlow
        </span>
      </div>
      <div
        class="hidden lg:block shrink-0"
      >
        <header
          class="h-20 flex items-center justify-between px-8 border-b border-brand-gray-light sticky top-0 z-10 transition-all"
        >
          <div
            class="flex-1"
          >
            <div
              class="relative group hidden md:block max-w-lg"
            >
              <div
                class="absolute inset-y-0 left-0 pl-3 flex items-center pointer-events-none text-brand-text-medium"
              >
                <svg
                  fill="none"
                  height="18"
                  stroke="currentColor"
                  stroke-linecap="round"
                  stroke-linejoin="round"
                  stroke-width="1.8"
                  viewBox="0 0 24 24"
                  width="18"
                  xmlns="http://www.w3.org/2000/svg"
                >
                  <circle
                    cx="11"
                    cy="11"
                    r="8"
                  />
                  <path
                    d="m21 21-4.3-4.3"
                  />
                </svg>
              </div>
              <input
                class="w-full pl-10 pr-12 py-2.5 bg-brand-white border border-brand-gray-light rounded-lg text-sm font-medium focus:outline-none focus:ring-1 focus:ring-brand-blue focus:border-brand-blue transition-all placeholder:text-brand-text-medium text-brand-text-dark"
                placeholder="Search anything"
                type="text"
              />
              <div
                class="absolute inset-y-0 right-0 pr-3 flex items-center pointer-events-none"
              >
                <span
                  class="text-[10px] font-medium text-brand-text-medium bg-brand-gray-light px-1.5 py-0.5 rounded border border-brand-gray-light"
                >
                  ⌘K
                </span>
              </div>
            </div>
          </div>
          <div
            class="flex items-center gap-5"
          >
            <button
              class="flex items-center gap-2.5 px-1.5 py-1.5 pr-3 rounded-full bg-brand-white border border-brand-gray-light hover:bg-brand-gray-light transition-all focus:outline-none"
            >
              <div
                class="w-8 h-8 rounded-full overflow-hidden"
              >
                <img
                  alt="User Avatar"
                  class="w-full h-full object-cover"
                  src="https://ui-avatars.com/api/?name=Admin+User&background=random"
                />
              </div>
              <span
                class="text-sm font-bold text-brand-text-dark"
              >
                Admin User
              </span>
              <div
                class="text-brand-text-medium"
              >
                <svg
                  fill="none"
                  height="14"
                  stroke="currentColor"
                  stroke-linecap="round"
                  stroke-linejoin="round"
                  stroke-width="2"
                  viewBox="0 0 24 24"
                  width="14"
                  xmlns="http://www.w3.org/2000/svg"
                >
                  <path
                    d="m6 9 6 6 6-6"
                  />
                </svg>
              </div>
            </button>
          </div>
        </header>
      </div>
      <main
        class="flex-1 overflow-y-auto p-4 lg:p-8 pb-20 lg:pb-8 relative z-0"
      >
        <div
          class="flex flex-col h-full pb-18 lg:pb-0 px-3 lg:px-0 lg:-mt-4 relative"
        >
          <div
            class="flex items-center justify-between py-2 mb-1 lg:mb-4 relative"
          >
            <button
              aria-label="Back"
              class="w-11 h-11 rounded-full bg-[#F4F4F5] hover:bg-[#E9E9EB] active:scale-95 transition-all flex items-center justify-center text-black shrink-0"
              type="button"
            >
              <svg
                aria-hidden="true"
                fill="none"
                height="20"
                stroke="currentColor"
                stroke-linecap="round"
                stroke-linejoin="round"
                stroke-width="2.4"
                viewBox="0 0 24 24"
                width="20"
              >
                <path
                  d="M19 12H5"
                />
                <path
                  d="M12 19 5 12l7-7"
                />
              </svg>
            </button>
            <h1
              class="flex-1 text-center text-[17px] font-semibold text-black tracking-tight px-2 truncate"
            >
              Project List
            </h1>
            <div
              class="relative shrink-0"
            >
              <button
                aria-expanded="false"
                aria-haspopup="menu"
                aria-label="More options"
                class="w-11 h-11 rounded-full bg-[#F4F4F5] hover:bg-[#E9E9EB] active:scale-95 transition-all flex items-center justify-center text-black"
                type="button"
              >
                <svg
                  aria-hidden="true"
                  fill="currentColor"
                  height="20"
                  viewBox="0 0 24 24"
                  width="20"
                >
                  <circle
                    cx="5"
                    cy="12"
                    r="1.8"
                  />
                  <circle
                    cx="12"
                    cy="12"
                    r="1.8"
                  />
                  <circle
                    cx="19"
                    cy="12"
                    r="1.8"
                  />
                </svg>
              </button>
            </div>
          </div>
          <div
            class="md:hidden space-y-6 mt-10"
          >
            <div
              class="relative mb-3"
            >
              <span
                class="absolute inset-y-0 left-0 pl-4 flex items-center pointer-events-none text-brand-text-medium scale-125"
              >
                <svg
                  fill="none"
                  height="18"
                  stroke="currentColor"
                  stroke-linecap="round"
                  stroke-linejoin="round"
                  stroke-width="1.8"
                  viewBox="0 0 24 24"
                  width="18"
                  xmlns="http://www.w3.org/2000/svg"
                >
                  <circle
                    cx="11"
                    cy="11"
                    r="8"
                  />
                  <path
                    d="m21 21-4.3-4.3"
                  />
                </svg>
              </span>
              <input
                class="w-full pl-12 pr-6 py-3.5 bg-brand-gray-light border-none rounded-full text-xl font-medium focus:outline-none focus:ring-1 focus:ring-brand-blue/20 text-brand-text-dark placeholder:text-brand-text-medium"
                placeholder="Search"
                type="text"
              />
            </div>
            <div
              class="scale-100 origin-top"
            >
              <div
                class="bg-transparent overflow-hidden divide-y divide-brand-gray-light"
              >
                <div
                  class="flex items-center gap-4 px-0 py-4 bg-transparent border-b border-brand-gray-light last:border-b-0 active:bg-brand-gray-light/20 transition-colors cursor-pointer"
                  role="button"
                  tabindex="0"
                >
                  <div
                    class="flex-1 min-w-0 space-y-1"
                  >
                    <p
                      class="text-xl font-semibold text-brand-text-dark leading-snug truncate"
                    >
                      Wedding Gala - Grand Ballroom
                    </p>
                    <p
                      class="text-base font-normal text-brand-text-medium/80 truncate"
                    >
                      3 item(s) · Full setup including staging
                    </p>
                  </div>
                  <div
                    class="shrink-0"
                  >
                    <span
                      class="inline-flex items-center rounded-full px-3 py-1 text-sm font-medium whitespace-nowrap bg-green-100 text-green-700"
                    >
                      active
                    </span>
                  </div>
                </div>
                <div
                  class="flex items-center gap-4 px-0 py-4 bg-transparent border-b border-brand-gray-light last:border-b-0 active:bg-brand-gray-light/20 transition-colors cursor-pointer"
                  role="button"
                  tabindex="0"
                >
                  <div
                    class="flex-1 min-w-0 space-y-1"
                  >
                    <p
                      class="text-xl font-semibold text-brand-text-dark leading-snug truncate"
                    >
                      Corporate Annual Meeting
                    </p>
                    <p
                      class="text-base font-normal text-brand-text-medium/80 truncate"
                    >
                      2 item(s) · Standard meeting setup
                    </p>
                  </div>
                  <div
                    class="shrink-0"
                  >
                    <span
                      class="inline-flex items-center rounded-full px-3 py-1 text-sm font-medium whitespace-nowrap bg-green-100 text-green-700"
                    >
                      active
                    </span>
                  </div>
                </div>
                <div
                  class="flex items-center gap-4 px-0 py-4 bg-transparent border-b border-brand-gray-light last:border-b-0 active:bg-brand-gray-light/20 transition-colors cursor-pointer"
                  role="button"
                  tabindex="0"
                >
                  <div
                    class="flex-1 min-w-0 space-y-1"
                  >
                    <p
                      class="text-xl font-semibold text-brand-text-dark leading-snug truncate"
                    >
                      Music Festival - Outdoor
                    </p>
                    <p
                      class="text-base font-normal text-brand-text-medium/80 truncate"
                    >
                      3 item(s) · Pending equipment verification
                    </p>
                  </div>
                  <div
                    class="shrink-0"
                  >
                    <span
                      class="inline-flex items-center rounded-full px-3 py-1 text-sm font-medium whitespace-nowrap bg-red-100 text-red-700"
                    >
                      inactive
                    </span>
                  </div>
                </div>
                <div
                  class="flex items-center gap-4 px-0 py-4 bg-transparent border-b border-brand-gray-light last:border-b-0 active:bg-brand-gray-light/20 transition-colors cursor-pointer"
                  role="button"
                  tabindex="0"
                >
                  <div
                    class="flex-1 min-w-0 space-y-1"
                  >
                    <p
                      class="text-xl font-semibold text-brand-text-dark leading-snug truncate"
                    >
                      Product Launch - Tech Expo
                    </p>
                    <p
                      class="text-base font-normal text-brand-text-medium/80 truncate"
                    >
                      1 item(s) · Hi-tech visual focus
                    </p>
                  </div>
                  <div
                    class="shrink-0"
                  >
                    <span
                      class="inline-flex items-center rounded-full px-3 py-1 text-sm font-medium whitespace-nowrap bg-green-100 text-green-700"
                    >
                      active
                    </span>
                  </div>
                </div>
                <div
                  class="flex items-center gap-4 px-0 py-4 bg-transparent border-b border-brand-gray-light last:border-b-0 active:bg-brand-gray-light/20 transition-colors cursor-pointer"
                  role="button"
                  tabindex="0"
                >
                  <div
                    class="flex-1 min-w-0 space-y-1"
                  >
                    <p
                      class="text-xl font-semibold text-brand-text-dark leading-snug truncate"
                    >
                      Exhibition Booth - Hall C
                    </p>
                    <p
                      class="text-base font-normal text-brand-text-medium/80 truncate"
                    >
                      2 item(s) · Small booth setup
                    </p>
                  </div>
                  <div
                    class="shrink-0"
                  >
                    <span
                      class="inline-flex items-center rounded-full px-3 py-1 text-sm font-medium whitespace-nowrap bg-green-100 text-green-700"
                    >
                      active
                    </span>
                  </div>
                </div>
              </div>
            </div>
            <div
              class="pt-4 flex items-center justify-between"
            >
              <div
                class="flex items-center gap-3 text-sm text-brand-text-medium shrink-0"
              >
                Showing
                <select
                  class="border border-brand-gray-light rounded px-2 py-1 bg-brand-white font-medium text-brand-text-dark focus:outline-none"
                >
                  <option
                    value="5"
                  >
                    5
                  </option>
                  <option
                    value="10"
                  >
                    10
                  </option>
                  <option
                    value="20"
                  >
                    20
                  </option>
                  <option
                    value="50"
                  >
                    50
                  </option>
                  <option
                    value="100"
                  >
                    100
                  </option>
                </select>
                of 5 results
              </div>
              <div
                class="flex items-center justify-center gap-2 text-sm text-brand-text-medium font-medium "
              >
                <button
                  class="p-1 rounded text-gray-300 cursor-not-allowed"
                  disabled=""
                >
                  &lt;
                </button>
                <button
                  class="w-8 h-8 flex items-center justify-center rounded-lg transition-colors bg-brand-blue text-brand-white font-bold"
                >
                  1
                </button>
                <button
                  class="p-1 rounded text-gray-300 cursor-not-allowed"
                  disabled=""
                >
                  &gt;
                </button>
              </div>
            </div>
          </div>
          <div
            class="hidden md:flex bg-brand-white rounded-xl border border-brand-gray-light shadow-sm flex-col flex-1 overflow-hidden mt-6"
          >
            <div
              class="flex items-center justify-between p-5 px-6 border-b border-brand-gray-light"
            >
              <div
                class="relative"
              >
                <div
                  class="absolute inset-y-0 left-0 pl-3 flex items-center pointer-events-none text-brand-text-medium"
                >
                  <svg
                    fill="none"
                    height="18"
                    stroke="currentColor"
                    stroke-linecap="round"
                    stroke-linejoin="round"
                    stroke-width="1.8"
                    viewBox="0 0 24 24"
                    width="18"
                    xmlns="http://www.w3.org/2000/svg"
                  >
                    <circle
                      cx="11"
                      cy="11"
                      r="8"
                    />
                    <path
                      d="m21 21-4.3-4.3"
                    />
                  </svg>
                </div>
                <input
                  class="w-64 pl-10 pr-4 py-2 bg-brand-gray-light border-none rounded-lg text-sm focus:outline-none text-brand-text-dark placeholder:text-brand-text-medium"
                  placeholder="Search project"
                  type="text"
                />
              </div>
              <div
                class="flex items-center gap-3 text-sm text-brand-text-medium "
              >
                Showing
                <select
                  class="border border-brand-gray-light rounded px-2 py-1 bg-brand-white font-medium text-brand-text-dark focus:outline-none"
                >
                  <option
                    value="5"
                  >
                    5
                  </option>
                  <option
                    value="10"
                  >
                    10
                  </option>
                  <option
                    value="20"
                  >
                    20
                  </option>
                  <option
                    value="50"
                  >
                    50
                  </option>
                  <option
                    value="100"
                  >
                    100
                  </option>
                </select>
                of 5 results
              </div>
            </div>
            <div
              class="flex-1 overflow-auto"
            >
              <div
                class="w-full overflow-x-auto"
              >
                <table
                  class="w-full whitespace-nowrap"
                >
                  <thead>
                    <tr
                      class="bg-brand-gray-light border-b border-brand-gray-light"
                    >
                      <th
                        class="px-6 py-4 text-xs font-bold text-brand-text-medium uppercase tracking-wider text-center"
                      >
                        No
                      </th>
                      <th
                        class="px-6 py-4 text-xs font-bold text-brand-text-medium uppercase tracking-wider text-left"
                      >
                        Project Name
                      </th>
                      <th
                        class="px-6 py-4 text-xs font-bold text-brand-text-medium uppercase tracking-wider text-left"
                      >
                        Items
                      </th>
                      <th
                        class="px-6 py-4 text-xs font-bold text-brand-text-medium uppercase tracking-wider text-left"
                      >
                        Remark
                      </th>
                      <th
                        class="px-6 py-4 text-xs font-bold text-brand-text-medium uppercase tracking-wider text-center"
                      >
                        Status
                      </th>
                      <th
                        class="px-6 py-4 text-xs font-bold text-brand-text-medium uppercase tracking-wider text-left"
                      >
                        Created By
                      </th>
                      <th
                        class="px-6 py-4 text-xs font-bold text-brand-text-medium uppercase tracking-wider text-center"
                      >
                        Action
                      </th>
                    </tr>
                  </thead>
                  <tbody
                    class="divide-y divide-brand-gray-light"
                  >
                    <tr
                      class="hover:bg-brand-gray-light/50 transition-colors group cursor-pointer"
                    >
                      <td
                        class="px-6 py-4 border-b border-brand-gray-light text-center"
                      >
                        <span
                          class="text-brand-text-medium font-medium text-sm"
                        >
                          1
                        </span>
                      </td>
                      <td
                        class="px-6 py-4 border-b border-brand-gray-light text-left"
                      >
                        Wedding Gala - Grand Ballroom
                      </td>
                      <td
                        class="px-6 py-4 border-b border-brand-gray-light text-left"
                      >
                        <div
                          class="flex flex-col"
                        >
                          <span
                            class="text-xs font-bold text-brand-blue"
                          >
                            3 item(s)
                          </span>
                          <span
                            class="text-xs text-brand-text-medium truncate max-w-[220px]"
                          >
                            Line Array Speaker x4, Subwoofer 18 inch x2, Moving Head Beam 230W x8
                          </span>
                        </div>
                      </td>
                      <td
                        class="px-6 py-4 border-b border-brand-gray-light text-left"
                      >
                        Full setup including staging
                      </td>
                      <td
                        class="px-6 py-4 border-b border-brand-gray-light text-center"
                      >
                        <span
                          class="px-3 py-1 rounded-full text-xs font-bold uppercase bg-green-100 text-green-600"
                        >
                          active
                        </span>
                      </td>
                      <td
                        class="px-6 py-4 border-b border-brand-gray-light text-left"
                      >
                        Sales A
                      </td>
                      <td
                        class="px-6 py-4 border-b border-brand-gray-light text-center"
                      >
                        <button
                          class="p-1.5 text-brand-text-medium hover:text-brand-blue hover:bg-brand-blue-light rounded-lg transition-colors cursor-pointer"
                          title="Edit"
                        >
                          <svg
                            class="w-4 h-4"
                            fill="none"
                            height="1em"
                            stroke="currentColor"
                            stroke-linecap="round"
                            stroke-linejoin="round"
                            stroke-width="2"
                            viewBox="0 0 24 24"
                            width="1em"
                            xmlns="http://www.w3.org/2000/svg"
                          >
                            <path
                              d="M17 3a2.828 2.828 0 1 1 4 4L7.5 20.5 2 22l1.5-5.5L17 3z"
                            />
                          </svg>
                        </button>
                      </td>
                    </tr>
                    <tr
                      class="hover:bg-brand-gray-light/50 transition-colors group cursor-pointer"
                    >
                      <td
                        class="px-6 py-4 border-b border-brand-gray-light text-center"
                      >
                        <span
                          class="text-brand-text-medium font-medium text-sm"
                        >
                          2
                        </span>
                      </td>
                      <td
                        class="px-6 py-4 border-b border-brand-gray-light text-left"
                      >
                        Corporate Annual Meeting
                      </td>
                      <td
                        class="px-6 py-4 border-b border-brand-gray-light text-left"
                      >
                        <div
                          class="flex flex-col"
                        >
                          <span
                            class="text-xs font-bold text-brand-blue"
                          >
                            2 item(s)
                          </span>
                          <span
                            class="text-xs text-brand-text-medium truncate max-w-[220px]"
                          >
                            LED Screen P3.9 x10, Banquet Chair x100
                          </span>
                        </div>
                      </td>
                      <td
                        class="px-6 py-4 border-b border-brand-gray-light text-left"
                      >
                        Standard meeting setup
                      </td>
                      <td
                        class="px-6 py-4 border-b border-brand-gray-light text-center"
                      >
                        <span
                          class="px-3 py-1 rounded-full text-xs font-bold uppercase bg-green-100 text-green-600"
                        >
                          active
                        </span>
                      </td>
                      <td
                        class="px-6 py-4 border-b border-brand-gray-light text-left"
                      >
                        Sales B
                      </td>
                      <td
                        class="px-6 py-4 border-b border-brand-gray-light text-center"
                      >
                        <button
                          class="p-1.5 text-brand-text-medium hover:text-brand-blue hover:bg-brand-blue-light rounded-lg transition-colors cursor-pointer"
                          title="Edit"
                        >
                          <svg
                            class="w-4 h-4"
                            fill="none"
                            height="1em"
                            stroke="currentColor"
                            stroke-linecap="round"
                            stroke-linejoin="round"
                            stroke-width="2"
                            viewBox="0 0 24 24"
                            width="1em"
                            xmlns="http://www.w3.org/2000/svg"
                          >
                            <path
                              d="M17 3a2.828 2.828 0 1 1 4 4L7.5 20.5 2 22l1.5-5.5L17 3z"
                            />
                          </svg>
                        </button>
                      </td>
                    </tr>
                    <tr
                      class="hover:bg-brand-gray-light/50 transition-colors group cursor-pointer"
                    >
                      <td
                        class="px-6 py-4 border-b border-brand-gray-light text-center"
                      >
                        <span
                          class="text-brand-text-medium font-medium text-sm"
                        >
                          3
                        </span>
                      </td>
                      <td
                        class="px-6 py-4 border-b border-brand-gray-light text-left"
                      >
                        Music Festival - Outdoor
                      </td>
                      <td
                        class="px-6 py-4 border-b border-brand-gray-light text-left"
                      >
                        <div
                          class="flex flex-col"
                        >
                          <span
                            class="text-xs font-bold text-brand-blue"
                          >
                            3 item(s)
                          </span>
                          <span
                            class="text-xs text-brand-text-medium truncate max-w-[220px]"
                          >
                            Line Array Speaker x12, Subwoofer 18 inch x8, Moving Head Beam 230W x24
                          </span>
                        </div>
                      </td>
                      <td
                        class="px-6 py-4 border-b border-brand-gray-light text-left"
                      >
                        Pending equipment verification
                      </td>
                      <td
                        class="px-6 py-4 border-b border-brand-gray-light text-center"
                      >
                        <span
                          class="px-3 py-1 rounded-full text-xs font-bold uppercase bg-red-100 text-red-600"
                        >
                          inactive
                        </span>
                      </td>
                      <td
                        class="px-6 py-4 border-b border-brand-gray-light text-left"
                      >
                        Admin
                      </td>
                      <td
                        class="px-6 py-4 border-b border-brand-gray-light text-center"
                      >
                        <button
                          class="p-1.5 text-brand-text-medium hover:text-brand-blue hover:bg-brand-blue-light rounded-lg transition-colors cursor-pointer"
                          title="Edit"
                        >
                          <svg
                            class="w-4 h-4"
                            fill="none"
                            height="1em"
                            stroke="currentColor"
                            stroke-linecap="round"
                            stroke-linejoin="round"
                            stroke-width="2"
                            viewBox="0 0 24 24"
                            width="1em"
                            xmlns="http://www.w3.org/2000/svg"
                          >
                            <path
                              d="M17 3a2.828 2.828 0 1 1 4 4L7.5 20.5 2 22l1.5-5.5L17 3z"
                            />
                          </svg>
                        </button>
                      </td>
                    </tr>
                    <tr
                      class="hover:bg-brand-gray-light/50 transition-colors group cursor-pointer"
                    >
                      <td
                        class="px-6 py-4 border-b border-brand-gray-light text-center"
                      >
                        <span
                          class="text-brand-text-medium font-medium text-sm"
                        >
                          4
                        </span>
                      </td>
                      <td
                        class="px-6 py-4 border-b border-brand-gray-light text-left"
                      >
                        Product Launch - Tech Expo
                      </td>
                      <td
                        class="px-6 py-4 border-b border-brand-gray-light text-left"
                      >
                        <div
                          class="flex flex-col"
                        >
                          <span
                            class="text-xs font-bold text-brand-blue"
                          >
                            1 item(s)
                          </span>
                          <span
                            class="text-xs text-brand-text-medium truncate max-w-[220px]"
                          >
                            LED Screen P3.9 x50
                          </span>
                        </div>
                      </td>
                      <td
                        class="px-6 py-4 border-b border-brand-gray-light text-left"
                      >
                        Hi-tech visual focus
                      </td>
                      <td
                        class="px-6 py-4 border-b border-brand-gray-light text-center"
                      >
                        <span
                          class="px-3 py-1 rounded-full text-xs font-bold uppercase bg-green-100 text-green-600"
                        >
                          active
                        </span>
                      </td>
                      <td
                        class="px-6 py-4 border-b border-brand-gray-light text-left"
                      >
                        Sales A
                      </td>
                      <td
                        class="px-6 py-4 border-b border-brand-gray-light text-center"
                      >
                        <button
                          class="p-1.5 text-brand-text-medium hover:text-brand-blue hover:bg-brand-blue-light rounded-lg transition-colors cursor-pointer"
                          title="Edit"
                        >
                          <svg
                            class="w-4 h-4"
                            fill="none"
                            height="1em"
                            stroke="currentColor"
                            stroke-linecap="round"
                            stroke-linejoin="round"
                            stroke-width="2"
                            viewBox="0 0 24 24"
                            width="1em"
                            xmlns="http://www.w3.org/2000/svg"
                          >
                            <path
                              d="M17 3a2.828 2.828 0 1 1 4 4L7.5 20.5 2 22l1.5-5.5L17 3z"
                            />
                          </svg>
                        </button>
                      </td>
                    </tr>
                    <tr
                      class="hover:bg-brand-gray-light/50 transition-colors group cursor-pointer"
                    >
                      <td
                        class="px-6 py-4 border-b border-brand-gray-light text-center"
                      >
                        <span
                          class="text-brand-text-medium font-medium text-sm"
                        >
                          5
                        </span>
                      </td>
                      <td
                        class="px-6 py-4 border-b border-brand-gray-light text-left"
                      >
                        Exhibition Booth - Hall C
                      </td>
                      <td
                        class="px-6 py-4 border-b border-brand-gray-light text-left"
                      >
                        <div
                          class="flex flex-col"
                        >
                          <span
                            class="text-xs font-bold text-brand-blue"
                          >
                            2 item(s)
                          </span>
                          <span
                            class="text-xs text-brand-text-medium truncate max-w-[220px]"
                          >
                            Banquet Chair x10, Subwoofer 18 inch x2
                          </span>
                        </div>
                      </td>
                      <td
                        class="px-6 py-4 border-b border-brand-gray-light text-left"
                      >
                        Small booth setup
                      </td>
                      <td
                        class="px-6 py-4 border-b border-brand-gray-light text-center"
                      >
                        <span
                          class="px-3 py-1 rounded-full text-xs font-bold uppercase bg-green-100 text-green-600"
                        >
                          active
                        </span>
                      </td>
                      <td
                        class="px-6 py-4 border-b border-brand-gray-light text-left"
                      >
                        Sales C
                      </td>
                      <td
                        class="px-6 py-4 border-b border-brand-gray-light text-center"
                      >
                        <button
                          class="p-1.5 text-brand-text-medium hover:text-brand-blue hover:bg-brand-blue-light rounded-lg transition-colors cursor-pointer"
                          title="Edit"
                        >
                          <svg
                            class="w-4 h-4"
                            fill="none"
                            height="1em"
                            stroke="currentColor"
                            stroke-linecap="round"
                            stroke-linejoin="round"
                            stroke-width="2"
                            viewBox="0 0 24 24"
                            width="1em"
                            xmlns="http://www.w3.org/2000/svg"
                          >
                            <path
                              d="M17 3a2.828 2.828 0 1 1 4 4L7.5 20.5 2 22l1.5-5.5L17 3z"
                            />
                          </svg>
                        </button>
                      </td>
                    </tr>
                  </tbody>
                </table>
              </div>
            </div>
            <div
              class="flex items-center justify-center gap-2 text-sm text-brand-text-medium font-medium "
            >
              <button
                class="p-1 rounded text-gray-300 cursor-not-allowed"
                disabled=""
              >
                &lt;
              </button>
              <button
                class="w-8 h-8 flex items-center justify-center rounded-lg transition-colors bg-brand-blue text-brand-white font-bold"
              >
                1
              </button>
              <button
                class="p-1 rounded text-gray-300 cursor-not-allowed"
                disabled=""
              >
                &gt;
              </button>
            </div>
          </div>
        </div>
      </main>
    </div>
    <nav
      class="lg:hidden fixed bottom-0 left-0 right-0 z-40 bg-white border-t border-gray-200 flex items-center justify-around px-4 pb-[env(safe-area-inset-bottom)] h-16 shadow-[0_-2px_10px_rgba(0,0,0,0.05)]"
    >
      <button
        class="flex flex-col items-center justify-center gap-1 w-12 transition-colors text-gray-400"
      >
        <div
          class="p-1.5 rounded-full transition-colors flex items-center justify-center "
        >
          <svg
            fill="none"
            height="20"
            stroke="currentColor"
            stroke-linecap="round"
            stroke-linejoin="round"
            stroke-width="1.8"
            viewBox="0 0 24 24"
            width="20"
            xmlns="http://www.w3.org/2000/svg"
          >
            <ellipse
              cx="12"
              cy="5"
              rx="9"
              ry="3"
            />
            <path
              d="M3 5V19A9 3 0 0 0 21 19V5"
            />
            <path
              d="M3 12A9 3 0 0 0 21 12"
            />
          </svg>
        </div>
        <span
          class="text-[10px] font-medium"
        >
          Master
        </span>
      </button>
    </nav>
  </div>
</DocumentFragment>
`;
